// Jest Snapshot v1, https://goo.gl/fbAQLP

exports[`Header UI renders as expected, we have the logo, quote, calculator and home links 1`] = `
<header>
  <h1>
    <a
      href="/home"
      onClick={[Function]}
    >
      Math Magicians
    </a>
  </h1>
  <nav>
    <ul
      id="navbar"
    >
      <li>
        <a
          aria-current={null}
          href="/home"
          onClick={[Function]}
        >
          Home
        </a>
      </li>
      <li>
        <a
          aria-current={null}
          href="/calculator"
          onClick={[Function]}
        >
          Calculator
        </a>
      </li>
      <li>
        <a
          aria-current={null}
          href="/quote"
          onClick={[Function]}
        >
          Quote
        </a>
      </li>
    </ul>
  </nav>
</header>
`;
